---
source: crates/pvc-cli/tests/cli.rs
expression: help
---
A modern CLI for the PVCplus phase-vocoder toolkit.

Usage: pvc [OPTIONS] <COMMAND>

Time and pitch:
  pv                   Stretch, transpose, filter, and warp a sound
  stretch              Change duration without changing pitch
  pitch                Transpose in semitones, keeping the duration
  analyze              Write a .pva analysis file, without resynthesis
  twarp                Resynthesize along a moving point in a .pva file
  ratechanger          Resample at a variable rate (varispeed)

Filtering and convolution:
  freqresponse         Analyze a sound into a .fr response file
  filter               Filter with a fixed .fr response file
  tvfilter             Filter with a time-varying .pva analysis file
  denoise              Gate out noise learned from part of the input
  convolver            Multiply a sound's spectrum by a .pva file
  impulseresponse      Write a .ir file from a window of a sound
  irconvolver          Convolve or deconvolve a sound with a .ir file
  irconvolvesequencer  Convolve through a morphing series of .ir files
  spectralextractor    Split a sound into its tonal and noise parts

Amplitude warping:
  compand              Compand each bin against a fixed reference file
  spectwarp            Compand each bin against its own frame's peak

Additive synthesis:
  harmonize            Add transposed copies of frequency bands
  inharmonator         Remap partials onto a table of target partials
  chordmapperplus      Synthesize chords from a table of tones
  formantsmapper       Remap source formants onto target formants

Resonance and reverb:
  ring                 Resonate through a spectral feedback loop
  ringfilter           Resonate through a loop with a fixed .fr filter
  ringtvfilter         Resonate through a loop with a .pva filter

Frequency deviation:
  delayfilter          Delay each bin by its own response-driven time
  filtdeviator         Filter, plus per-bin delay and frequency deviation
  tvfiltdeviator       Time-varying filter, plus delay and deviation

Feature extraction:
  envelope             Track amplitude over a frequency band
  centroid             Track the weighted mean frequency of a band
  flux                 Track frame-to-frame frequency change in a band
  pitchtrack           Track the fundamental frequency over time
  peakformant          Track the loudest bin's frequency over time
  specflattracker      Track how noise-like or tonal each frame is
  spectrummapper       Track formant peaks into continuous tracks

Control functions:
  fn                   Generate control functions and response files

Presets and scripting:
  preset               Manage preset TOML files for pvc run
  run                  Run a preset, with optional --set overrides
  migrate-script       Convert a legacy S.* script into a preset

Utilities:
  info                 Show details of an audio file or a .pva file
  convert-units        Convert amplitude, decibel, Hz, and pitch units
  legacy               Run an original C tool directly
  completions          Print a shell completion script
  help                 Print this message or the help of the given subcommand(s)

Options:
      --quiet
          Suppress non-essential output

      --json
          Emit machine-readable JSON instead of human-readable text

      --dry-run
          Print the resolved parameters/actions without doing anything

  -h, --help
          Print help

  -V, --version
          Print version
