---
source: crates/pvc-cli/tests/cli.rs
assertion_line: 12
expression: help
---
A modern CLI for the PVCplus phase-vocoder toolkit.

Usage: pvc [OPTIONS] <COMMAND>

Commands:
  info                 Print information about an audio file or a `.pva` analysis file
  legacy               Run a legacy C tool directly (transition path)
  preset               Manage presets (TOML files consumed by `pvc run`)
  run                  Run a preset, optionally overriding fields with `--set key=value`
  fn                   Control-function generators (the CARL/cmusic "GEN" family)
  pv                   Phase vocoder: analyze then resynthesize
  stretch              Time-stretch only - `pvc pv --stretch <factor>` with everything else at its default
  pitch                Pitch transposition only - `pvc pv --pitch <semitones>` with everything else at its default
  analyze              Phase vocoder analysis only: writes a `.pva` frame file, no resynthesis
  twarp                Time-varying resynthesis: navigates a virtual time position through a `.pva` analysis file (rate/origin/window-driven) and resynthesizes from whatever frame it lands on
  freqresponse         Analysis-driven `.fr` frequency response: accumulates a sound file's spectrum (by average or peak amplitude, across all channels combined) into a response file, with formant detection and optional formant-band normalization/companding
  filter               Fixed-spectrum phase-vocoder filter: multiplies each frame's amplitude by a shaped copy of a `.fr` response, then mixes the filtered signal with (unless disabled) the original source
  tvfilter             Like `filter`, but the response is a time-varying sequence of frames (a legacy `.pva` file) navigated over time the same way `twarp` navigates its own resynthesis source, rather than one static `.fr` file
  denoise              Spectral noise gate: builds a noise-response profile by analyzing a `[--noise-begin, --noise-end)` window of the input itself (default: the whole file - point these at an actual noise-only stretch, e.g. leading silence), then expands any bin quieter than its noise-response threshold toward silence
  compand              Per-bin dynamics processor: compresses or expands each bin's amplitude relative to a static peaks/reference file (e.g. from `pvc freqresponse`), within an adjustable frequency band
  spectwarp            Per-bin dynamics processor: compresses or expands each bin's amplitude relative to its *own frame's* live spectral peak (a self-referential envelope-follower), within an adjustable frequency band
  harmonize            Builds one or more "voices" from a data table of frequency bands, each a pitch/frequency-shifted copy of a triangular-windowed slice of the input spectrum, optionally summed with a delayed/ shifted copy of the source signal
  envelope             Amplitude envelope over a frequency band: a time-series of scalar values (ASCII or raw float), never audio
  centroid             Spectral centroid (amplitude²-weighted mean frequency) over a frequency band: a time-series of scalar values, never audio
  flux                 Spectral flux (frame-to-frame frequency change, optionally amplitude-weighted) over a frequency band: a time-series of scalar values, never audio
  pitchtrack           Fundamental-frequency tracker: a time-series of scalar pitch values, never audio
  convert-units        Convert between amplitude/decibel and Hz/octave.pitchclass units
  impulseresponse      Impulse-response analysis: zero-pads and FFTs a `[--begin, --end)` window of each input channel into a peak-normalized `.ir` file (Phase 5's FFT-convolution family - see `pvc-core::tools:: impulseresponse`'s doc comment for what's out of scope)
  irconvolver          Fast FFT convolution (or deconvolution) of each input channel against a `.ir` file's spectrum (Phase 5's FFT-convolution family). See `pvc-core::tools::irconvolver`'s doc comment for what's out of scope, and a real usage-text bug in the C corrected here
  ring                 Phase-vocoder feedback reverberator/resonator: a delay network built out of spectral frames rather than time-domain samples, combining an independently pitch/frequency-shiftable copy of the dry source with a recirculating, EQ'd and envelope-gated feedback path. See `pvc-core::tools::ring`'s doc comment for real dead flags, a real swapped-default bug reproduced faithfully, and what's out of scope (Phase 5's long tail)
  ringfilter           `pvc ring` plus a switchable fixed-spectrum filter (a `.fr` response file, the same format `pvc filter` reads), placed either on the feedback path's input ("prefilter") or inside the loop ("postfilter"). See `pvc-core::tools::ringfilter`'s doc comment for what's shared with `pvc ring` and what's different
  ringtvfilter         `pvc ring` plus a switchable *time-varying* filter (a `.pva` filter-analysis file, navigated over time the same way `pvc tvfilter` navigates its own response), placed either on the feedback path's input ("prefilter") or inside the loop ("postfilter"). See `pvc-core::tools::ringtvfilter`'s doc comment for what's shared with `pvc ringfilter`/`pvc tvfilter` and what's different
  irconvolvesequencer  Crossfades a signal through a sequence of impulse responses, morphing from one to the next (Phase 5's FFT-convolution family). See `pvc-core::tools::irconvolvesequencer`'s doc comment for the C's dead `-a` flag and what's out of scope
  convolver            Short-term FFT spectral multiplier: convolves a live input ("Sound A") against a pre-analyzed `.pva` filter file ("Sound B"), navigated over time the same way `pvc tvfilter`/`pvc twarp` navigate their own filter/resynthesis sources, then pans between the dry sounds and their convolution
  peakformant          Peak formant tracker: a time-series of the loudest bin's frequency over a detection band, never audio
  specflattracker      Spectral flatness tracker: a time-series of the geometric-to- arithmetic mean ratio of each frame's bins over a detection band (near `1.0` for noise-like spectra, near `0.0` for tonal ones), never audio
  spectralextractor    Periodic/noise spectrum separator: tracks each bin's frame-to- frame frequency deviation and gates it on or off depending on whether that deviation stays under a threshold, extracting either the tonal part of a sound or its noise residue
  delayfilter          Per-bin time-delay resynthesis: reads a source `.pva` file and, for each frequency bin, fetches its source frame from a bin-specific point earlier in the source's own timeline - the per-bin delay times (and amp multipliers) come from a `groupdelaymaker`-produced response file
  help                 Print this message or the help of the given subcommand(s)

Options:
      --quiet
          Suppress non-essential output

      --json
          Emit machine-readable JSON instead of human-readable text

      --dry-run
          Print the resolved parameters/actions without doing anything

  -h, --help
          Print help

  -V, --version
          Print version
